EN2001a.Mix-Headset
EN2001b.Mix-Headset
EN2001d.Mix-Headset
EN2001e.Mix-Headset
EN2003a.Mix-Headset
EN2004a.Mix-Headset
EN2005a.Mix-Headset
EN2006a.Mix-Headset
EN2006b.Mix-Headset
EN2009b.Mix-Headset
EN2009c.Mix-Headset
EN2009d.Mix-Headset
ES2002a.Mix-Headset
ES2002b.Mix-Headset
ES2002c.Mix-Headset
ES2002d.Mix-Headset
ES2005a.Mix-Headset
ES2005b.Mix-Headset
ES2005c.Mix-Headset
ES2005d.Mix-Headset
ES2006a.Mix-Headset
ES2006b.Mix-Headset
ES2006c.Mix-Headset
ES2006d.Mix-Headset
ES2007a.Mix-Headset
ES2007b.Mix-Headset
ES2007c.Mix-Headset
ES2007d.Mix-Headset
ES2008a.Mix-Headset
ES2008b.Mix-Headset
ES2008c.Mix-Headset
ES2008d.Mix-Headset
ES2009a.Mix-Headset
ES2009b.Mix-Headset
ES2009c.Mix-Headset
ES2009d.Mix-Headset
ES2010a.Mix-Headset
ES2010b.Mix-Headset
ES2010c.Mix-Headset
ES2010d.Mix-Headset
ES2012a.Mix-Headset
ES2012b.Mix-Headset
ES2012c.Mix-Headset
ES2012d.Mix-Headset
ES2013a.Mix-Headset
ES2013b.Mix-Headset
ES2013c.Mix-Headset
ES2013d.Mix-Headset
ES2015a.Mix-Headset
ES2015b.Mix-Headset
ES2015c.Mix-Headset
ES2015d.Mix-Headset
ES2016a.Mix-Headset
ES2016b.Mix-Headset
ES2016c.Mix-Headset
ES2016d.Mix-Headset
IN1001.Mix-Headset
IN1002.Mix-Headset
IN1005.Mix-Headset
IN1007.Mix-Headset
IN1008.Mix-Headset
IN1009.Mix-Headset
IN1012.Mix-Headset
IN1013.Mix-Headset
IN1014.Mix-Headset
IN1016.Mix-Headset
IS1000a.Mix-Headset
IS1000b.Mix-Headset
IS1000c.Mix-Headset
IS1000d.Mix-Headset
IS1001a.Mix-Headset
IS1001b.Mix-Headset
IS1001c.Mix-Headset
IS1001d.Mix-Headset
IS1002b.Mix-Headset
IS1002c.Mix-Headset
IS1002d.Mix-Headset
IS1003a.Mix-Headset
IS1003c.Mix-Headset
IS1003d.Mix-Headset
IS1004a.Mix-Headset
IS1004b.Mix-Headset
IS1004c.Mix-Headset
IS1004d.Mix-Headset
IS1005a.Mix-Headset
IS1005b.Mix-Headset
IS1005c.Mix-Headset
IS1006a.Mix-Headset
IS1006b.Mix-Headset
IS1006c.Mix-Headset
IS1006d.Mix-Headset
IS1007a.Mix-Headset
IS1007b.Mix-Headset
IS1007c.Mix-Headset
TS3005a.Mix-Headset
TS3005b.Mix-Headset
TS3005c.Mix-Headset
TS3005d.Mix-Headset
TS3008a.Mix-Headset
TS3008b.Mix-Headset
TS3008c.Mix-Headset
TS3008d.Mix-Headset
TS3009a.Mix-Headset
TS3009b.Mix-Headset
TS3009c.Mix-Headset
TS3009d.Mix-Headset
TS3010a.Mix-Headset
TS3010b.Mix-Headset
TS3010c.Mix-Headset
TS3010d.Mix-Headset
TS3011a.Mix-Headset
TS3011b.Mix-Headset
TS3011c.Mix-Headset
TS3011d.Mix-Headset
TS3012a.Mix-Headset
TS3012b.Mix-Headset
TS3012c.Mix-Headset
TS3012d.Mix-Headset
